PS C:\Users\onumb\OneDrive\Masaüstü\confluent\google-maps-scraping> streamlit run database_dashboard.py

  You can now view your Streamlit app in your browser.

  Local URL: http://localhost:8501
  Network URL: http://192.168.1.200:8501

✅ Veritabanı tabloları oluşturuldu/kontrol edildi
✅ Veritabanı tabloları oluşturuldu/kontrol edildi
✅ Veritabanı tabloları oluşturuldu/kontrol edildi
✅ Veritabanı tabloları oluşturuldu/kontrol edildi
✅ Veritabanı tabloları oluşturuldu/kontrol edildi
✅ Veritabanı tabloları oluşturuldu/kontrol edildi
✅ Veritabanı tabloları oluşturuldu/kontrol edildi
✅ Veritabanı tabloları oluşturuldu/kontrol edildi
✅ Veritabanı tabloları oluşturuldu/kontrol edildi
✅ Veritabanı tabloları oluşturuldu/kontrol edildi
✅ Veritabanı tabloları oluşturuldu/kontrol edildi
✅ Veritabanı tabloları oluşturuldu/kontrol edildi
✅ Veritabanı tabloları oluşturuldu/kontrol edildi
✅ Veritabanı tabloları oluşturuldu/kontrol edildi
✅ Veritabanı tabloları oluşturuldu/kontrol edildi
✅ Veritabanı tabloları oluşturuldu/kontrol edildi
✅ Veritabanı tabloları oluşturuldu/kontrol edildi
✅ Veritabanı tabloları oluşturuldu/kontrol edildi
✅ Veritabanı tabloları oluşturuldu/kontrol edildi
✅ Veritabanı tabloları oluşturuldu/kontrol edildi
✅ Veritabanı tabloları oluşturuldu/kontrol edildi
✅ Veritabanı tabloları oluşturuldu/kontrol edildi
✅ Veritabanı tabloları oluşturuldu/kontrol edildi
✅ Veritabanı tabloları oluşturuldu/kontrol edildi
✅ Veritabanı tabloları oluşturuldu/kontrol edildi
✅ Veritabanı tabloları oluşturuldu/kontrol edildi
✅ Veritabanı tabloları oluşturuldu/kontrol edildi
✅ Veritabanı tabloları oluşturuldu/kontrol edildi
✅ Veritabanı tabloları oluşturuldu/kontrol edildi
✅ Veritabanı tabloları oluşturuldu/kontrol edildi
✅ Veritabanı tabloları oluşturuldu/kontrol edildi
✅ Veritabanı tabloları oluşturuldu/kontrol edildi
✅ Veritabanı tabloları oluşturuldu/kontrol edildi
✅ Veritabanı tabloları oluşturuldu/kontrol edildi
✅ Veritabanı tabloları oluşturuldu/kontrol edildi
✅ Veritabanı tabloları oluşturuldu/kontrol edildi
✅ Veritabanı tabloları oluşturuldu/kontrol edildi
✅ Veritabanı tabloları oluşturuldu/kontrol edildi
✅ Veritabanı tabloları oluşturuldu/kontrol edildi
✅ Veritabanı tabloları oluşturuldu/kontrol edildi
✅ Veritabanı tabloları oluşturuldu/kontrol edildi
✅ Veritabanı tabloları oluşturuldu/kontrol edildi
✅ Veritabanı tabloları oluşturuldu/kontrol edildi
🚀 Veritabanı Entegrasyonlu Google Maps Review Scraper Başlıyor...
📍 İşletme: İstanbul Sabiha Gökçen Uluslararası Havalimanı
🔗 Direkt URL kullanılıyor: https://www.google.com/maps/place/%C4%B0stanbul+Sabiha+G%C3%...
📊 Hedef: 20 metin yorumu + 40 puanlama
============================================================
🦊 Firefox WebDriver kuruluyor...
✅ Firefox başlatıldı
🔗 Direkt URL'ye gidiliyor: https://www.google.com/maps/place/%C4%B0stanbul+Sa...
✅ İşletme sayfasına gidildi
📝 Yorumlar sekmesine gidiliyor...
✅ Yorumlar tab'ı tıklandı: İstanbul Sabiha Gökçen Uluslararası Havalimanı ile ilgili yorumlar
🔄 En yeni yorumlar durumu kontrol ediliyor...
❌ 'En yeni' seçme hatası: Message: 
Stacktrace:
RemoteError@chrome://remote/content/shared/RemoteError.sys.mjs:8:8
WebDriverError@chrome://remote/content/shared/webdriver/Errors.sys.mjs:199:5
NoSuchElementError@chrome://remote/content/shared/webdriver/Errors.sys.mjs:552:5
dom.find/</<@chrome://remote/content/shared/DOM.sys.mjs:136:16

⚠️ 'En yeni' seçilemedi, mevcut sıralama ile devam ediliyor
📊 Akıllı veri toplama başlıyor...
🎯 Hedef: 20 metin yorumu + 40 puanlama
📜 Yeterli veri yüklemek için akıllı scroll...
🎯 Google Maps yorumları için gerçek scroll başlıyor (hedef: 40)
✅ Scrollable container bulundu: .m6QErb.DxyBCb.kA9KIf.dS8AEf.XiKgde
📊 Scroll 1: 8 yorum (hedef: 40)
   ➕ 8 yeni yorum yüklendi
   🎯 Container scroll (direkt)
📊 Scroll 2: 18 yorum (hedef: 40)
   ➕ 10 yeni yorum yüklendi
   🎯 Container scroll (direkt)
📊 Scroll 3: 28 yorum (hedef: 40)
   ➕ 10 yeni yorum yüklendi
   🎯 Container scroll (direkt)
📊 Scroll 4: 38 yorum (hedef: 40)
   ➕ 10 yeni yorum yüklendi
   🎯 Container scroll (direkt)
📊 Scroll 5: 48 yorum (hedef: 40)
✅ Hedef ulaşıldı: 48 yorum
🏁 Scroll tamamlandı!
   📈 Toplam yorum: 48
   🔢 Hedef: 40
   ✨ Başarı oranı: %100.0
🎯 48 toplam yorum container'ı bulundu\n
📋 Container 1/48 işleniyor...
   ✅ Metin yorumu eklendi: Şerif...
📋 Container 2/48 işleniyor...
   ✅ Metin yorumu eklendi: Salih Araz...
📋 Container 3/48 işleniyor...
   ✅ Metin yorumu eklendi: Hakan C...
📋 Container 4/48 işleniyor...
   ✅ Metin yorumu eklendi: ŞAKAR FERHAT...
📋 Container 5/48 işleniyor...
   ✅ Metin yorumu eklendi: Alitahir Şentür...
📋 Container 6/48 işleniyor...
   ✅ Metin yorumu eklendi: Okan Açar...
📋 Container 7/48 işleniyor...
   ✅ Metin yorumu eklendi: Namütenahi...
📋 Container 8/48 işleniyor...
   ✅ Metin yorumu eklendi: Mentor TASCILAR...
📋 Container 9/48 işleniyor...
   ✅ Metin yorumu eklendi: Engin Çebi...
📋 Container 10/48 işleniyor...
   ✅ Metin yorumu eklendi: Bülent 58...
📋 Container 11/48 işleniyor...
   ✅ Metin yorumu eklendi: E. Mac...
📋 Container 12/48 işleniyor...
   ✅ Metin yorumu eklendi: Mery Lin...
📋 Container 13/48 işleniyor...
   ✅ Metin yorumu eklendi: Fatih Yetgin...
📋 Container 14/48 işleniyor...
   ✅ Metin yorumu eklendi: Sefa...
📋 Container 15/48 işleniyor...
   ✅ Metin yorumu eklendi: Arda Tuna...
📋 Container 16/48 işleniyor...
   ✅ Metin yorumu eklendi: ilhan Çalışkan...
📋 Container 17/48 işleniyor...
   ✅ Metin yorumu eklendi: Murat Vural...
📋 Container 18/48 işleniyor...
   ✅ Metin yorumu eklendi: deyan borris...
📋 Container 19/48 işleniyor...
   ✅ Metin yorumu eklendi: YUSUF Sümer...
📋 Container 20/48 işleniyor...
   ✅ Metin yorumu eklendi: Songül SAĞLAM...
📋 Container 21/48 işleniyor...
   ✅ Metin yorumu eklendi: Fatma Ertuğrul...
📋 Container 22/48 işleniyor...
   ✅ Metin yorumu eklendi: Ümit Doğan...
📋 Container 23/48 işleniyor...
   ✅ Metin yorumu eklendi: Harun Şahin Avc...
📋 Container 24/48 işleniyor...
   ✅ Metin yorumu eklendi: Güneş Demir...
📋 Container 25/48 işleniyor...
   ✅ Metin yorumu eklendi: Güven Sav...
📋 Container 26/48 işleniyor...
   ✅ Metin yorumu eklendi: Kum saati...
📋 Container 27/48 işleniyor...
   ✅ Metin yorumu eklendi: Canan...
📋 Container 28/48 işleniyor...
   ✅ Metin yorumu eklendi: H Emir...
📋 Container 29/48 işleniyor...
   ✅ Metin yorumu eklendi: Gülsüm Irmaklı...
📋 Container 30/48 işleniyor...
   ✅ Metin yorumu eklendi: Osman Saracoglu...
📋 Container 31/48 işleniyor...
   ✅ Metin yorumu eklendi: Ertaç Sunman...
📋 Container 32/48 işleniyor...
   ✅ Metin yorumu eklendi: Pelin Temiz...
📋 Container 33/48 işleniyor...
   ✅ Metin yorumu eklendi: TARIK BİNGÖLLÜ...
📋 Container 34/48 işleniyor...
   ✅ Metin yorumu eklendi: mehmet ipekoğlu...
📋 Container 35/48 işleniyor...
   ✅ Metin yorumu eklendi: ÖZLEM KESKİN...
📋 Container 36/48 işleniyor...
   ✅ Metin yorumu eklendi: enes uğur...
📋 Container 37/48 işleniyor...
   ✅ Metin yorumu eklendi: Ufuk Koyun...
📋 Container 38/48 işleniyor...
   ✅ Metin yorumu eklendi: Gezenadam 3559...
📋 Container 39/48 işleniyor...
   ✅ Metin yorumu eklendi: özgür onbaşı...
📋 Container 40/48 işleniyor...
   ✅ Metin yorumu eklendi: Haydar Eke...
📋 Container 41/48 işleniyor...
   ✅ Metin yorumu eklendi: Z U...
📋 Container 42/48 işleniyor...
   ✅ Metin yorumu eklendi: Gezi YORUM...
📋 Container 43/48 işleniyor...
   ✅ Metin yorumu eklendi: Seher Özbek...
📋 Container 44/48 işleniyor...
   ✅ Metin yorumu eklendi: sinan kislak...
⚠️ Zaman formatı tanınmadı: 'bir yıl önce'
📋 Container 45/48 işleniyor...
   ✅ Metin yorumu eklendi: VYSL...
📋 Container 46/48 işleniyor...
   ✅ Metin yorumu eklendi: bora baydar...
📋 Container 47/48 işleniyor...
   ✅ Metin yorumu eklendi: Yener Barış Sev...
📋 Container 48/48 işleniyor...
   ✅ Metin yorumu eklendi: Abdulkadir...
\n🎉 Veri toplama tamamlandı!
📝 Metin yorumları: 48
📊 Toplam puanlama: 0
\n💾 Veritabanına kaydediliyor...
✅ Scrape session kaydedildi: session_20250907_132637_b96a5dfa
✅ 48 yorum veritabanına kaydedildi
\n✅ İşlem tamamlandı!
📊 Metin yorumları: 48
📈 Toplam puanlama: 0
🎯 Başarı oranı: %100.0
📁 Session ID: session_20250907_132637_b96a5dfa
🔒 Firefox kapatıldı
✅ Veritabanı tabloları oluşturuldu/kontrol edildi
✅ Veritabanı tabloları oluşturuldu/kontrol edildi
✅ Veritabanı tabloları oluşturuldu/kontrol edildi
✅ Veritabanı tabloları oluşturuldu/kontrol edildi
